[tool]

pwsh

Run commands in a PowerShell shell.
* When invoking this tool, the contents of the "command" parameter does NOT need to be XML-escaped.
* Network access depends on the task environment. Prefer configured mirrors/proxies when they are available.
* Shell state is not persistent across calls. Use `Set-Location <dir>; <command>` when you need a specific working directory.
* Use native Windows paths (C:\...) and $env:NAME variables; this is PowerShell, not bash.
* To inspect a particular line range of a file, use `Get-Content <file> | Select-Object -Skip <n> -First <m>`.
* Please avoid commands that may produce a very large amount of output.

{
  "type": "object",
  "properties": {
    "command": {
      "type": "string",
      "description": "The PowerShell command to execute."
    }
  },
  "required": [
    "command"
  ],
  "additionalProperties": false
}

[persona]

You are a helpful software engineer assistant.

[user]

测试工具错误。

[reasoning]

先故意制造两个工具错误。

[tool-call]

missing

{}

[tool-call]

pwsh

{
  "command": "[Console]::Out.Write('out'); [Console]::Error.Write('err'); exit 3"
}

[tool-output]

[ToolRouter] unknown tool: missing

[tool-output]

[exit-code 3]
out
[stderr]
err

[reasoning]

已经收到两个工具错误。

[assistant]

missing 工具不存在，pwsh 命令以非零状态结束。

