[tool]

pwsh

Run commands in a PowerShell shell.
* When invoking this tool, the contents of the "command" parameter does NOT need to be XML-escaped.
* Network access depends on the task environment. Prefer configured mirrors/proxies when they are available.
* Shell state is not persistent across calls. Use `Set-Location <dir>; <command>` when you need a specific working directory.
* Use native Windows paths (C:\...) and $env:NAME variables; this is PowerShell, not bash.
* To inspect a particular line range of a file, use `Get-Content <file> | Select-Object -Skip <n> -First <m>`.
* Please avoid commands that may produce a very large amount of output.

{
  "type": "object",
  "properties": {
    "command": {
      "type": "string",
      "description": "The PowerShell command to execute."
    }
  },
  "required": [
    "command"
  ],
  "additionalProperties": false
}

[persona]

You are a helpful software engineer assistant.

[user]

测试输出截断。

[reasoning]

测试输出截断。

[assistant]

先打印一长串数字。

[tool-call]

pwsh

{
  "command": "[Console]::Out.Write('1234567890')"
}

[tool-output]

1234
[output-truncated]

[reasoning]

输出已经被截断。

[assistant]

已完成截断测试。

