[tool] bash

Run commands in a bash shell.

{
  "type": "object",
  "properties": {
    "command": {
      "type": "string",
      "description": "The bash command to execute."
    }
  },
  "required": [
    "command"
  ],
  "additionalProperties": false
}
[persona]
You are a helpful software engineer assistant.
[user]
进入工具循环。
[reasoning]
继续调用 bash。

[assistant]
我再执行一次。
[tool call] bash {"command":"printf loop"}
[tool output] exit_code: 0
stdout:
loop
[reasoning]
继续调用 bash。

[assistant]
我再执行一次。
[tool call] bash {"command":"printf loop"}
[tool output] exit_code: 0
stdout:
loop
[agentRun] max steps reached: 2
