[tool] bash

Run commands in a bash shell.

{
  "type": "object",
  "properties": {
    "command": {
      "type": "string",
      "description": "The bash command to execute."
    }
  },
  "required": [
    "command"
  ],
  "additionalProperties": false
}
[persona]
You are a helpful software engineer assistant.
[user]
测试工具错误。
[reasoning]
先故意制造两个工具错误。

[assistant]
[tool call] missing {}
[tool call] bash {"command":"printf out; printf err >&2; exit 3"}
[tool output] [ToolRouter] unknown tool: missing
[tool output] exit_code: 3
stdout:
out
stderr:
err
[reasoning]
已经收到两个工具错误。

[assistant]
missing 工具不存在，bash 命令以非零状态结束。
