[tool]

bash

Run commands in a bash shell.
* When invoking this tool, the contents of the "command" parameter does NOT need to be XML-escaped.
* Network access depends on the task environment. Prefer configured mirrors/proxies when they are available.
* Shell state is not persistent across calls. Use `cd <dir> && <command>` when you need a specific working directory.
* To inspect a particular line range of a file, e.g. lines 10-25, try 'sed -n 10,25p /path/to/the/file'.
* Please avoid commands that may produce a very large amount of output.

{
  "type": "object",
  "properties": {
    "command": {
      "type": "string",
      "description": "The bash command to execute."
    }
  },
  "required": [
    "command"
  ],
  "additionalProperties": false
}

[persona]

You are a helpful software engineer assistant.

[user]

测试工具错误。

[reasoning]

先故意制造两个工具错误。

[tool-call]

missing

{}

[tool-call]

bash

{
  "command": "printf out; printf err >&2; exit 3"
}

[tool-output]

[ToolRouter] unknown tool: missing

[tool-output]

[exit-code 3]
out
[stderr]
err

[reasoning]

已经收到两个工具错误。

[assistant]

missing 工具不存在，bash 命令以非零状态结束。

